
> cei-platform@0.1.0 build
> prisma generate && next build

Loaded Prisma config from prisma.config.ts.

Prisma schema loaded from prisma/schema.prisma.

✔ Generated Prisma Client (v7.2.0) to ./node_modules/@prisma/client in 282ms

Start by importing your Prisma Client (See: https://pris.ly/d/importing-client)

Tip: Need your database queries to be 1000x faster? Accelerate offers you that and more: https://pris.ly/tip-2-accelerate

[@sentry/nextjs] DEPRECATION WARNING: disableLogger is deprecated and will be removed in a future version. Use webpack.treeshake.removeDebugLogging instead. (Not supported with Turbopack.)
[@sentry/nextjs] DEPRECATION WARNING: automaticVercelMonitors is deprecated and will be removed in a future version. Use webpack.automaticVercelMonitors instead. (Not supported with Turbopack.)
[@sentry/nextjs] DEPRECATION WARNING: reactComponentAnnotation is deprecated and will be removed in a future version. Use webpack.reactComponentAnnotation instead. (Not supported with Turbopack.)
⚠ Warning: Next.js inferred your workspace root, but it may not be correct.
 We detected multiple lockfiles and selected the directory of /workspace/package-lock.json as the root directory.
 To silence this warning, set `turbopack.root` in your Next.js config, or consider removing one of the lockfiles if it's not needed.
   See https://nextjs.org/docs/app/api-reference/config/next-config-js/turbopack#root-directory for more information.
 Detected additional lockfiles: 
   * /workspace/cei-platform/package-lock.json

▲ Next.js 16.1.2 (Turbopack)
- Environments: .env
- Experiments (use with caution):
  · clientTraceMetadata

⚠ The "middleware" file convention is deprecated. Please use "proxy" instead. Learn more: https://nextjs.org/docs/messages/middleware-to-proxy
  Creating an optimized production build ...
[@sentry/nextjs] DEPRECATION WARNING: disableLogger is deprecated and will be removed in a future version. Use webpack.treeshake.removeDebugLogging instead. (Not supported with Turbopack.)
[@sentry/nextjs] DEPRECATION WARNING: automaticVercelMonitors is deprecated and will be removed in a future version. Use webpack.automaticVercelMonitors instead. (Not supported with Turbopack.)
[@sentry/nextjs] DEPRECATION WARNING: reactComponentAnnotation is deprecated and will be removed in a future version. Use webpack.reactComponentAnnotation instead. (Not supported with Turbopack.)
✓ Compiled successfully in 7.8s
  Running next.config.js provided runAfterProductionCompile ...
✓ Completed runAfterProductionCompile in 249ms
  Running TypeScript ...
  Collecting page data using 1 worker ...
  Generating static pages using 1 worker (0/35) ...
Error occurred prerendering page "/_not-found". Read more: https://nextjs.org/docs/messages/prerender-error
Error: @clerk/clerk-react: The publishableKey passed to Clerk is invalid. You can get your Publishable key at https://dashboard.clerk.com/last-active?path=api-keys. (key=pk_test_placeholder_00000000000000000000)
    at Object.throwInvalidPublishableKeyError (.next/server/chunks/ssr/a65c1_75fd4f14._.js:12:1558)
    at <unknown> (.next/server/chunks/ssr/a65c1_75fd4f14._.js:19:58309) {
  digest: '1813900585'
}
Export encountered an error on /_not-found/page: /_not-found, exiting the build.
⨯ Next.js build worker exited with code: 1 and signal: null
