
> cei-platform@0.1.0 build
> prisma generate && next build

Loaded Prisma config from prisma.config.ts.

Prisma schema loaded from prisma/schema.prisma.

✔ Generated Prisma Client (v7.2.0) to ./node_modules/@prisma/client in 406ms

Start by importing your Prisma Client (See: https://pris.ly/d/importing-client)

Tip: Need your database queries to be 1000x faster? Accelerate offers you that and more: https://pris.ly/tip-2-accelerate

[@sentry/nextjs] DEPRECATION WARNING: disableLogger is deprecated and will be removed in a future version. Use webpack.treeshake.removeDebugLogging instead. (Not supported with Turbopack.)
[@sentry/nextjs] DEPRECATION WARNING: automaticVercelMonitors is deprecated and will be removed in a future version. Use webpack.automaticVercelMonitors instead. (Not supported with Turbopack.)
[@sentry/nextjs] DEPRECATION WARNING: reactComponentAnnotation is deprecated and will be removed in a future version. Use webpack.reactComponentAnnotation instead. (Not supported with Turbopack.)
⚠ Warning: Next.js inferred your workspace root, but it may not be correct.
 We detected multiple lockfiles and selected the directory of /workspace/package-lock.json as the root directory.
 To silence this warning, set `turbopack.root` in your Next.js config, or consider removing one of the lockfiles if it's not needed.
   See https://nextjs.org/docs/app/api-reference/config/next-config-js/turbopack#root-directory for more information.
 Detected additional lockfiles: 
   * /workspace/cei-platform/package-lock.json

⨯ Unable to acquire lock at /workspace/cei-platform/.next/lock, is another instance of next build running?
  Suggestion: If you intended to restart next build, terminate the other process, and then try again.
